// Vitest Snapshot v1

exports[`mount component 1`] = `
"<div data=\\"[object Object],[object Object],[object Object],[object Object],[object Object],[object Object],[object Object],[object Object]\\">
  <table class=\\"table\\">
    <table-header-stub columns=\\"[object Object],[object Object],[object Object],[object Object],[object Object],[object Object],[object Object],[object Object]\\" openoption=\\"false\\" data=\\"[object Object],[object Object],[object Object],[object Object],[object Object],[object Object],[object Object],[object Object]\\"></table-header-stub>
    <table-body-stub data=\\"[object Object],[object Object],[object Object],[object Object],[object Object],[object Object],[object Object],[object Object]\\" columns=\\"[object Object],[object Object],[object Object],[object Object],[object Object],[object Object],[object Object],[object Object]\\" orderby=\\"\\" order=\\"sort-normal\\" openoption=\\"false\\"></table-body-stub>
  </table>
</div>"
`;
